// Jest Snapshot v1, https://goo.gl/fbAQLP

exports[`Feed Screen Renders Feed correctly 1`] = `
<RCTSafeAreaView
  emulateUnlessSupported={true}
  style={
    Array [
      Object {
        "backgroundColor": "black",
        "flexBasis": 0,
        "flexGrow": 1,
        "flexShrink": 1,
      },
    ]
  }
>
  <View
    className="sc-bZQynM wqEUz"
  >
    <RCTScrollView
      ListEmptyComponent={[Function]}
      className="sc-gzVnrw idEVjV"
      data={Array []}
      disableVirtualization={false}
      getItem={[Function]}
      getItemCount={[Function]}
      horizontal={false}
      initialNumToRender={15}
      keyExtractor={[Function]}
      maxToRenderPerBatch={10}
      numColumns={1}
      onContentSizeChange={[Function]}
      onEndReached={[Function]}
      onEndReachedThreshold={10}
      onLayout={[Function]}
      onMomentumScrollEnd={[Function]}
      onRefresh={[Function]}
      onScroll={[Function]}
      onScrollBeginDrag={[Function]}
      onScrollEndDrag={[Function]}
      refreshControl={
        <RefreshControlMock
          onRefresh={[Function]}
          refreshing={false}
        />
      }
      refreshing={false}
      removeClippedSubviews={false}
      renderItem={[Function]}
      scrollEventThrottle={50}
      stickyHeaderIndices={Array []}
      updateCellsBatchingPeriod={50}
      viewabilityConfigCallbackPairs={Array []}
      windowSize={21}
    >
      <RCTRefreshControl />
      <View />
    </RCTScrollView>
    <View
      className="sc-dnqmqq fAyWKE"
    >
      <ActivityIndicator
        animating={true}
        className="sc-iwsKbI dNpkGG"
        color="#999999"
        hidesWhenStopped={true}
        size="large"
      />
      <Text
        className="sc-gZMcBi gfnEmy"
      >
        Loading...
      </Text>
    </View>
  </View>
</RCTSafeAreaView>
`;

exports[`Feed Screen Test the renderCarousel of feed screen with the correct parms 1`] = `
<CarouselMovie
  items={null}
  title="genre"
/>
`;
