// Jest Snapshot v1, https://goo.gl/fbAQLP

exports[`<Feed> renders correctly when loaded 1`] = `
<View
  style={
    Object {
      "backgroundColor": "#e8e9ea",
      "borderRadius": 10,
      "height": "85%",
      "padding": 10,
      "width": "100%",
    }
  }
>
  <RCTScrollView
    ItemSeparatorComponent={[Function]}
    data={
      Array [
        Object {
          "_id": Object {
            "$oid": "5b8701a1fc13ae6569000000",
          },
          "inventory": 4,
          "price": 28.704,
          "title": "Long Live Death (Viva la muerte)",
        },
        Object {
          "_id": Object {
            "$oid": "5b8701a1fc13ae6569000001",
          },
          "inventory": 3,
          "price": 10.622,
          "title": "Home",
        },
      ]
    }
    disableVirtualization={false}
    getItem={[Function]}
    getItemCount={[Function]}
    horizontal={false}
    initialNumToRender={10}
    invertStickyHeaders={undefined}
    keyExtractor={[Function]}
    maxToRenderPerBatch={10}
    numColumns={1}
    onContentSizeChange={[Function]}
    onEndReachedThreshold={2}
    onLayout={[Function]}
    onMomentumScrollEnd={[Function]}
    onScroll={[Function]}
    onScrollBeginDrag={[Function]}
    onScrollEndDrag={[Function]}
    renderItem={[Function]}
    scrollEventThrottle={50}
    stickyHeaderIndices={Array []}
    updateCellsBatchingPeriod={50}
    viewabilityConfigCallbackPairs={Array []}
    windowSize={21}
  >
    <View>
      <View
        onLayout={[Function]}
        style={null}
      >
        <View>
          <Text
            accessible={true}
            allowFontScaling={true}
            ellipsizeMode="tail"
            style={
              Object {
                "fontSize": 20,
                "textAlign": "center",
              }
            }
          >
            Long Live Death (Viva la muerte)
          </Text>
          <View
            className="buttonContainer"
            style={
              Object {
                "display": "flex",
                "flex": 1,
                "flexDirection": "row",
                "height": 60,
                "justifyContent": "space-around",
              }
            }
          >
            <View
              accessibilityComponentType={undefined}
              accessibilityLabel={undefined}
              accessibilityTraits={undefined}
              accessible={true}
              collapsable={undefined}
              hasTVPreferredFocus={undefined}
              hitSlop={undefined}
              isTVSelectable={true}
              nativeID={undefined}
              onLayout={undefined}
              onResponderGrant={[Function]}
              onResponderMove={[Function]}
              onResponderRelease={[Function]}
              onResponderTerminate={[Function]}
              onResponderTerminationRequest={[Function]}
              onStartShouldSetResponder={[Function]}
              style={
                Object {
                  "opacity": 1,
                }
              }
              testID={undefined}
              tvParallaxProperties={undefined}
            >
              <View
                style={
                  Object {
                    "alignItems": "center",
                    "alignSelf": "center",
                    "backgroundColor": "#cbe6e6",
                    "borderRadius": 5,
                    "flex": 1,
                    "justifyContent": "center",
                    "margin": 10,
                    "padding": 15,
                  }
                }
              >
                <Text
                  accessible={true}
                  allowFontScaling={true}
                  ellipsizeMode="tail"
                >
                  Like
                </Text>
              </View>
            </View>
            <View
              accessibilityComponentType={undefined}
              accessibilityLabel={undefined}
              accessibilityTraits={undefined}
              accessible={true}
              collapsable={undefined}
              hasTVPreferredFocus={undefined}
              hitSlop={undefined}
              isTVSelectable={true}
              nativeID={undefined}
              onLayout={undefined}
              onResponderGrant={[Function]}
              onResponderMove={[Function]}
              onResponderRelease={[Function]}
              onResponderTerminate={[Function]}
              onResponderTerminationRequest={[Function]}
              onStartShouldSetResponder={[Function]}
              style={
                Object {
                  "opacity": 1,
                }
              }
              testID={undefined}
              tvParallaxProperties={undefined}
            >
              <View
                style={
                  Object {
                    "alignItems": "center",
                    "alignSelf": "center",
                    "backgroundColor": "#cbe6e6",
                    "borderRadius": 5,
                    "flex": 1,
                    "justifyContent": "center",
                    "margin": 10,
                    "padding": 15,
                  }
                }
              >
                <Text
                  accessible={true}
                  allowFontScaling={true}
                  ellipsizeMode="tail"
                >
                  View Details
                </Text>
              </View>
            </View>
          </View>
          <View
            className="details"
            style={
              Array [
                Object {
                  "height": 0,
                  "overflow": "hidden",
                  "paddingLeft": 10,
                },
                false,
              ]
            }
          >
            <Text
              accessible={true}
              allowFontScaling={true}
              ellipsizeMode="tail"
            >
              Tickets available: 
              4
            </Text>
            <Text
              accessible={true}
              allowFontScaling={true}
              ellipsizeMode="tail"
            >
              Ticket price: $
              28.704
            </Text>
          </View>
        </View>
        <View
          style={
            Object {
              "backgroundColor": "#000",
              "height": 0.5,
              "marginBottom": 1,
              "marginTop": 1,
              "width": "100%",
            }
          }
        />
      </View>
      <View
        onLayout={[Function]}
        style={null}
      >
        <View>
          <Text
            accessible={true}
            allowFontScaling={true}
            ellipsizeMode="tail"
            style={
              Object {
                "fontSize": 20,
                "textAlign": "center",
              }
            }
          >
            Home
          </Text>
          <View
            className="buttonContainer"
            style={
              Object {
                "display": "flex",
                "flex": 1,
                "flexDirection": "row",
                "height": 60,
                "justifyContent": "space-around",
              }
            }
          >
            <View
              accessibilityComponentType={undefined}
              accessibilityLabel={undefined}
              accessibilityTraits={undefined}
              accessible={true}
              collapsable={undefined}
              hasTVPreferredFocus={undefined}
              hitSlop={undefined}
              isTVSelectable={true}
              nativeID={undefined}
              onLayout={undefined}
              onResponderGrant={[Function]}
              onResponderMove={[Function]}
              onResponderRelease={[Function]}
              onResponderTerminate={[Function]}
              onResponderTerminationRequest={[Function]}
              onStartShouldSetResponder={[Function]}
              style={
                Object {
                  "opacity": 1,
                }
              }
              testID={undefined}
              tvParallaxProperties={undefined}
            >
              <View
                style={
                  Object {
                    "alignItems": "center",
                    "alignSelf": "center",
                    "backgroundColor": "#cbe6e6",
                    "borderRadius": 5,
                    "flex": 1,
                    "justifyContent": "center",
                    "margin": 10,
                    "padding": 15,
                  }
                }
              >
                <Text
                  accessible={true}
                  allowFontScaling={true}
                  ellipsizeMode="tail"
                >
                  Like
                </Text>
              </View>
            </View>
            <View
              accessibilityComponentType={undefined}
              accessibilityLabel={undefined}
              accessibilityTraits={undefined}
              accessible={true}
              collapsable={undefined}
              hasTVPreferredFocus={undefined}
              hitSlop={undefined}
              isTVSelectable={true}
              nativeID={undefined}
              onLayout={undefined}
              onResponderGrant={[Function]}
              onResponderMove={[Function]}
              onResponderRelease={[Function]}
              onResponderTerminate={[Function]}
              onResponderTerminationRequest={[Function]}
              onStartShouldSetResponder={[Function]}
              style={
                Object {
                  "opacity": 1,
                }
              }
              testID={undefined}
              tvParallaxProperties={undefined}
            >
              <View
                style={
                  Object {
                    "alignItems": "center",
                    "alignSelf": "center",
                    "backgroundColor": "#cbe6e6",
                    "borderRadius": 5,
                    "flex": 1,
                    "justifyContent": "center",
                    "margin": 10,
                    "padding": 15,
                  }
                }
              >
                <Text
                  accessible={true}
                  allowFontScaling={true}
                  ellipsizeMode="tail"
                >
                  View Details
                </Text>
              </View>
            </View>
          </View>
          <View
            className="details"
            style={
              Array [
                Object {
                  "height": 0,
                  "overflow": "hidden",
                  "paddingLeft": 10,
                },
                false,
              ]
            }
          >
            <Text
              accessible={true}
              allowFontScaling={true}
              ellipsizeMode="tail"
            >
              Tickets available: 
              3
            </Text>
            <Text
              accessible={true}
              allowFontScaling={true}
              ellipsizeMode="tail"
            >
              Ticket price: $
              10.622
            </Text>
          </View>
        </View>
      </View>
    </View>
  </RCTScrollView>
</View>
`;

exports[`<Feed> renders correctly when loading 1`] = `
<View>
  <Text
    accessible={true}
    allowFontScaling={true}
    ellipsizeMode="tail"
    style={
      Object {
        "textAlign": "center",
      }
    }
  >
    LOADING THE FEED
  </Text>
  <ActivityIndicator
    animating={true}
    color="blue"
    hidesWhenStopped={true}
    size="large"
    style={
      Object {
        "alignItems": "center",
        "flex": 1,
        "height": 80,
        "justifyContent": "center",
        "margin": 30,
      }
    }
  />
</View>
`;
