// Jest Snapshot v1, https://goo.gl/fbAQLP

exports[`Renders CardMovie correctly 1`] = `
<View
  className="sc-bdVaJa gLHRUG"
>
  <View
    className="sc-bwzfXH fNxhoP"
  >
    <View
      style={
        Array [
          Object {
            "overflow": "hidden",
          },
          undefined,
        ]
      }
    >
      <FastImageView
        className="sc-htpNat joWonT"
        resizeMode="cover"
        source={
          Object {
            "cache": "immutable",
            "uri": "https://via.placeholder.com/120x150",
          }
        }
        style={
          Object {
            "bottom": 0,
            "left": 0,
            "position": "absolute",
            "right": 0,
            "top": 0,
          }
        }
      />
    </View>
  </View>
</View>
`;
