// Jest Snapshot v1, https://goo.gl/fbAQLP

exports[`Renders CardMovie correctly 1`] = `
<View
  className="sc-bdVaJa gLHRUG"
>
  <View
    className="sc-bwzfXH fNxhoP"
  >
    <Image
      className="sc-htpNat joWonT"
      source={
        Object {
          "uri": "https://via.placeholder.com/120x150",
        }
      }
    />
  </View>
</View>
`;
